[dotenv] Set [36mOPENSTATES_API_KEY[0m, [36mGOOGLE_CIVIC_API_KEY[0m, [36mCONGRESS_API_KEY[0m
[dotenv] Loaded [33m.env[0m
  [1m[35m (100.8ms)[0m  [1m[35mCREATE DATABASE "fora_development" ENCODING = 'unicode' /*application='Fora'*/[0m
[dotenv] Set [36mOPENSTATES_API_KEY[0m, [36mGOOGLE_CIVIC_API_KEY[0m, [36mCONGRESS_API_KEY[0m
[dotenv] Loaded [33m.env[0m
[dotenv] Set [36mOPENSTATES_API_KEY[0m, [36mGOOGLE_CIVIC_API_KEY[0m, [36mCONGRESS_API_KEY[0m
[dotenv] Loaded [33m.env[0m
  [1m[35mSQL (0.0ms)[0m  [1m[35mSET search_path TO public /*application='Fora'*/[0m
  [1m[35m (271.1ms)[0m  [1m[35mCREATE DATABASE "fora_development" ENCODING = 'unicode' /*application='Fora'*/[0m
  [1m[35mSQL (0.2ms)[0m  [1m[35mSET search_path TO public /*application='Fora'*/[0m
  [1m[35m (113.0ms)[0m  [1m[35mCREATE DATABASE "fora_test" ENCODING = 'unicode' /*application='Fora'*/[0m
[dotenv] Set [36mOPENSTATES_API_KEY[0m, [36mGOOGLE_CIVIC_API_KEY[0m, [36mCONGRESS_API_KEY[0m
[dotenv] Loaded [33m.env[0m
[dotenv] Set [36mOPENSTATES_API_KEY[0m, [36mGOOGLE_CIVIC_API_KEY[0m, [36mCONGRESS_API_KEY[0m
[dotenv] Loaded [33m.env[0m
[dotenv] Set [36mOPENSTATES_API_KEY[0m, [36mGOOGLE_CIVIC_API_KEY[0m, [36mCONGRESS_API_KEY[0m
[dotenv] Loaded [33m.env[0m
[dotenv] Set [36mOPENSTATES_API_KEY[0m, [36mGOOGLE_CIVIC_API_KEY[0m, [36mCONGRESS_API_KEY[0m
[dotenv] Loaded [33m.env[0m
[dotenv] Set [36mOPENSTATES_API_KEY[0m, [36mGOOGLE_CIVIC_API_KEY[0m, [36mCONGRESS_API_KEY[0m
[dotenv] Loaded [33m.env[0m
[dotenv] Set [36mOPENSTATES_API_KEY[0m, [36mGOOGLE_CIVIC_API_KEY[0m, [36mCONGRESS_API_KEY[0m
[dotenv] Loaded [33m.env[0m
[dotenv] Set [36mOPENSTATES_API_KEY[0m, [36mGOOGLE_CIVIC_API_KEY[0m, [36mCONGRESS_API_KEY[0m
[dotenv] Loaded [33m.env[0m
  [1m[35m (80.3ms)[0m  [1m[35mCREATE TABLE "schema_migrations" ("version" character varying NOT NULL PRIMARY KEY) /*application='Fora'*/[0m
  [1m[35m (4.1ms)[0m  [1m[35mCREATE TABLE "ar_internal_metadata" ("key" character varying NOT NULL PRIMARY KEY, "value" character varying, "created_at" timestamp(6) NOT NULL, "updated_at" timestamp(6) NOT NULL) /*application='Fora'*/[0m
  [1m[35m (0.1ms)[0m  [1m[34mSELECT pg_try_advisory_lock(5961037047791179200) /*application='Fora'*/[0m
  [1m[36mActiveRecord::SchemaMigration Load (0.3ms)[0m  [1m[34mSELECT "schema_migrations"."version" FROM "schema_migrations" ORDER BY "schema_migrations"."version" ASC /*application='Fora'*/[0m
  [1m[36mActiveRecord::InternalMetadata Load (0.4ms)[0m  [1m[34mSELECT * FROM "ar_internal_metadata" WHERE "ar_internal_metadata"."key" = 'environment' ORDER BY "ar_internal_metadata"."key" ASC LIMIT 1 /*application='Fora'*/[0m
  [1m[36mActiveRecord::InternalMetadata Create (1.1ms)[0m  [1m[32mINSERT INTO "ar_internal_metadata" ("key", "value", "created_at", "updated_at") VALUES ('environment', 'development', '2026-03-19 01:16:26.802989', '2026-03-19 01:16:26.802991') RETURNING "key" /*application='Fora'*/[0m
Migrating to CreateCivicBills (20260319011547)
  [1m[36mTRANSACTION (0.1ms)[0m  [1m[35mBEGIN /*application='Fora'*/[0m
  [1m[35m (4.9ms)[0m  [1m[35mCREATE TABLE "civic_bills" ("id" bigserial primary key, "source" character varying NOT NULL, "external_id" character varying NOT NULL, "jurisdiction" character varying NOT NULL, "identifier" character varying, "title" character varying NOT NULL, "summary" text, "status" character varying, "status_date" date, "full_text_url" character varying, "sponsors" jsonb DEFAULT '[]', "subjects" jsonb DEFAULT '[]', "votes" jsonb DEFAULT '[]', "raw_data" jsonb, "created_at" timestamp(6) NOT NULL, "updated_at" timestamp(6) NOT NULL) /*application='Fora'*/[0m
  [1m[35m (1.7ms)[0m  [1m[35mCREATE UNIQUE INDEX "index_civic_bills_on_source_and_external_id" ON "civic_bills" ("source", "external_id") /*application='Fora'*/[0m
  [1m[35m (1.6ms)[0m  [1m[35mCREATE INDEX "index_civic_bills_on_jurisdiction" ON "civic_bills" ("jurisdiction") /*application='Fora'*/[0m
  [1m[35m (1.6ms)[0m  [1m[35mCREATE INDEX "index_civic_bills_on_status_date" ON "civic_bills" ("status_date") /*application='Fora'*/[0m
  [1m[36mActiveRecord::SchemaMigration Create (0.6ms)[0m  [1m[32mINSERT INTO "schema_migrations" ("version") VALUES ('20260319011547') RETURNING "version" /*application='Fora'*/[0m
  [1m[36mTRANSACTION (1.0ms)[0m  [1m[35mCOMMIT /*application='Fora'*/[0m
Migrating to CreateCivicRepresentatives (20260319011549)
  [1m[36mTRANSACTION (0.1ms)[0m  [1m[35mBEGIN /*application='Fora'*/[0m
  [1m[35m (4.3ms)[0m  [1m[35mCREATE TABLE "civic_representatives" ("id" bigserial primary key, "source" character varying, "external_id" character varying, "name" character varying NOT NULL, "office" character varying, "jurisdiction" character varying, "ocd_division_id" character varying, "party" character varying, "contact" jsonb DEFAULT '{}', "created_at" timestamp(6) NOT NULL, "updated_at" timestamp(6) NOT NULL) /*application='Fora'*/[0m
  [1m[35m (1.9ms)[0m  [1m[35mCREATE INDEX "index_civic_representatives_on_ocd_division_id" ON "civic_representatives" ("ocd_division_id") /*application='Fora'*/[0m
  [1m[36mActiveRecord::SchemaMigration Create (0.4ms)[0m  [1m[32mINSERT INTO "schema_migrations" ("version") VALUES ('20260319011549') RETURNING "version" /*application='Fora'*/[0m
  [1m[36mTRANSACTION (1.1ms)[0m  [1m[35mCOMMIT /*application='Fora'*/[0m
  [1m[35m (0.3ms)[0m  [1m[34mSELECT pg_advisory_unlock(5961037047791179200) /*application='Fora'*/[0m
  [1m[36mActiveRecord::SchemaMigration Load (0.1ms)[0m  [1m[34mSELECT "schema_migrations"."version" FROM "schema_migrations" ORDER BY "schema_migrations"."version" ASC /*application='Fora'*/[0m
  [1m[35mSQL (0.0ms)[0m  [1m[35mSET search_path TO public /*application='Fora'*/[0m
  [1m[35mSQL (0.1ms)[0m  [1m[35mSET search_path TO "$user", public /*application='Fora'*/[0m
  [1m[35mSQL (0.0ms)[0m  [1m[35mSET search_path TO public /*application='Fora'*/[0m
  [1m[35mSQL (0.0ms)[0m  [1m[35mSET search_path TO "$user", public /*application='Fora'*/[0m
[dotenv] Set [36mOPENSTATES_API_KEY[0m, [36mGOOGLE_CIVIC_API_KEY[0m, [36mCONGRESS_API_KEY[0m
[dotenv] Loaded [33m.env[0m
[dotenv] Set [36mOPENSTATES_API_KEY[0m, [36mGOOGLE_CIVIC_API_KEY[0m, [36mCONGRESS_API_KEY[0m
[dotenv] Loaded [33m.env[0m
  [1m[36mCivicBill Count (8.8ms)[0m  [1m[34mSELECT COUNT(*) FROM "civic_bills" /*application='Fora'*/[0m
  [1m[36mCivicRepresentative Count (4.6ms)[0m  [1m[34mSELECT COUNT(*) FROM "civic_representatives" /*application='Fora'*/[0m
